\BOOKMARK [1][-]{section.1}{\376\377\000G\000I\036\332\000I\000\040\000T\000H\000I\036\306\000U\000\040\001\020\036\300\000\040\000T\000\300\000I}{}% 1
\BOOKMARK [2][-]{subsection.1.1}{\376\377\000B\036\321\000i\000\040\000c\036\243\000n\000h\000\040\000v\000\340\000\040\000l\000\375\000\040\000d\000o\000\040\000l\036\361\000a\000\040\000c\000h\036\315\000n}{section.1}% 2
\BOOKMARK [2][-]{subsection.1.2}{\376\377\000M\036\345\000c\000\040\000t\000i\000\352\000u\000\040\000n\000g\000h\000i\000\352\000n\000\040\000c\036\351\000u}{section.1}% 3
\BOOKMARK [2][-]{subsection.1.3}{\376\377\001\020\036\321\000i\000\040\000t\001\260\036\343\000n\000g\000\040\000v\000\340\000\040\000p\000h\036\241\000m\000\040\000v\000i\000\040\000n\000g\000h\000i\000\352\000n\000\040\000c\036\351\000u}{section.1}% 4
\BOOKMARK [2][-]{subsection.1.4}{\376\377\001\020\000\363\000n\000g\000\040\000g\000\363\000p\000\040\000c\036\347\000a\000\040\001\021\036\301\000\040\000t\000\340\000i}{section.1}% 5
\BOOKMARK [1][-]{section.2}{\376\377\000C\001\240\000\040\000S\036\336\000\040\000L\000\335\000\040\000T\000H\000U\000Y\036\276\000T}{}% 6
\BOOKMARK [2][-]{subsection.2.1}{\376\377\000T\036\325\000n\000g\000\040\000q\000u\000a\000n\000\040\000v\036\301\000\040\000h\036\315\000c\000\040\000t\001\003\000n\000g\000\040\000c\001\260\036\335\000n\000g}{section.2}% 7
\BOOKMARK [3][-]{subsubsection.2.1.1}{\376\377\000Q\000u\000\341\000\040\000t\000r\000\354\000n\000h\000\040\000q\000u\000y\036\277\000t\000\040\001\021\036\313\000n\000h\000\040\000M\000a\000r\000k\000o\000v}{subsection.2.1}% 8
\BOOKMARK [3][-]{subsubsection.2.1.2}{\376\377\000P\000h\036\247\000n\000\040\000t\000h\001\260\036\337\000n\000g\000\040\000t\000\355\000c\000h\000\040\000l\001\151\000y\000\040\000v\000\340\000\040\000h\000\340\000m\000\040\000g\000i\000\341\000\040\000t\000r\036\313}{subsection.2.1}% 9
\BOOKMARK [3][-]{subsubsection.2.1.3}{\376\377\000K\000h\000\341\000m\000\040\000p\000h\000\341\000\040\000v\000\340\000\040\000k\000h\000a\000i\000\040\000t\000h\000\341\000c}{subsection.2.1}% 10
\BOOKMARK [2][-]{subsection.2.2}{\376\377\000Q\000-\000L\000e\000a\000r\000n\000i\000n\000g}{section.2}% 11
\BOOKMARK [2][-]{subsection.2.3}{\376\377\000D\000e\000e\000p\000\040\000Q\000-\000N\000e\000t\000w\000o\000r\000k}{section.2}% 12
\BOOKMARK [3][-]{subsubsection.2.3.1}{\376\377\000M\036\241\000n\000g\000\040\000Q}{subsection.2.3}% 13
\BOOKMARK [3][-]{subsubsection.2.3.2}{\376\377\000E\000x\000p\000e\000r\000i\000e\000n\000c\000e\000\040\000r\000e\000p\000l\000a\000y}{subsection.2.3}% 14
\BOOKMARK [3][-]{subsubsection.2.3.3}{\376\377\000T\000a\000r\000g\000e\000t\000\040\000n\000e\000t\000w\000o\000r\000k\000\040\000v\000\340\000\040\000l\000o\000s\000s}{subsection.2.3}% 15
\BOOKMARK [2][-]{subsection.2.4}{\376\377\000D\000o\000u\000b\000l\000e\000\040\000D\000Q\000N}{section.2}% 16
\BOOKMARK [2][-]{subsection.2.5}{\376\377\000S\000o\000\040\000s\000\341\000n\000h\000\040\000Q\000-\000L\000e\000a\000r\000n\000i\000n\000g\000,\000\040\000D\000Q\000N\000\040\000v\000\340\000\040\000D\000o\000u\000b\000l\000e\000\040\000D\000Q\000N}{section.2}% 17
\BOOKMARK [1][-]{section.3}{\376\377\000X\000\302\000Y\000\040\000D\036\360\000N\000G\000\040\000H\036\306\000\040\000T\000H\036\320\000N\000G\000\040\000V\000\300\000\040\000T\000H\000I\036\276\000T\000\040\000K\036\276\000\040\000T\000H\036\360\000C\000\040\000N\000G\000H\000I\036\306\000M}{}% 18
\BOOKMARK [2][-]{subsection.3.1}{\376\377\000T\036\325\000n\000g\000\040\000q\000u\000a\000n\000\040\036\351\000n\000g\000\040\000d\036\345\000n\000g\000\040\000h\036\315\000c\000\040\000t\001\003\000n\000g\000\040\000c\001\260\036\335\000n\000g\000\040\000t\000r\000o\000n\000g\000\040\000t\000r\000\362\000\040\000c\000h\001\241\000i\000\040\000P\000a\000c\000m\000a\000n}{section.3}% 19
\BOOKMARK [2][-]{subsection.3.2}{\376\377\000M\000\364\000i\000\040\000t\000r\001\260\036\335\000n\000g\000\040\000M\000i\000n\000i\000\040\000P\000a\000c\000m\000a\000n}{section.3}% 20
\BOOKMARK [3][-]{subsubsection.3.2.1}{\376\377\000B\036\243\000n\000\040\001\021\036\323\000\040\000v\000\340\000\040\000c\000\341\000c\000\040\000t\000h\000\340\000n\000h\000\040\000p\000h\036\247\000n\000\040\000t\000r\000o\000n\000g\000\040\000m\000\364\000i\000\040\000t\000r\001\260\036\335\000n\000g}{subsection.3.2}% 21
\BOOKMARK [3][-]{subsubsection.3.2.2}{\376\377\000L\000u\036\255\000t\000\040\000h\000o\036\241\000t\000\040\001\021\036\331\000n\000g\000\040\000v\000\340\000\040\001\021\000i\036\301\000u\000\040\000k\000i\036\307\000n\000\040\000k\036\277\000t\000\040\000t\000h\000\372\000c}{subsection.3.2}% 22
\BOOKMARK [2][-]{subsection.3.3}{\376\377\000M\000\364\000\040\000h\000\354\000n\000h\000\040\000h\000\363\000a\000\040\000b\000\340\000i\000\040\000t\000o\000\341\000n\000\040\000h\036\315\000c\000\040\000t\001\003\000n\000g\000\040\000c\001\260\036\335\000n\000g}{section.3}% 23
\BOOKMARK [3][-]{subsubsection.3.3.1}{\376\377\000K\000h\000\364\000n\000g\000\040\000g\000i\000a\000n\000\040\000v\000\340\000\040\000b\000i\036\303\000u\000\040\000d\000i\036\305\000n\000\040\000t\000r\036\241\000n\000g\000\040\000t\000h\000\341\000i}{subsection.3.3}% 24
\BOOKMARK [3][-]{subsubsection.3.3.2}{\376\377\000K\000h\000\364\000n\000g\000\040\000g\000i\000a\000n\000\040\000h\000\340\000n\000h\000\040\001\021\036\331\000n\000g}{subsection.3.3}% 25
\BOOKMARK [3][-]{subsubsection.3.3.3}{\376\377\000T\000h\000i\036\277\000t\000\040\000k\036\277\000\040\000p\000h\036\247\000n\000\040\000t\000h\001\260\036\337\000n\000g}{subsection.3.3}% 26
\BOOKMARK [2][-]{subsection.3.4}{\376\377\000C\000\340\000i\000\040\001\021\036\267\000t\000\040\000c\000\341\000c\000\040\000t\000h\000u\036\255\000t\000\040\000t\000o\000\341\000n}{section.3}% 27
\BOOKMARK [3][-]{subsubsection.3.4.1}{\376\377\000Q\000-\000L\000e\000a\000r\000n\000i\000n\000g}{subsection.3.4}% 28
\BOOKMARK [3][-]{subsubsection.3.4.2}{\376\377\000D\000Q\000N}{subsection.3.4}% 29
\BOOKMARK [3][-]{subsubsection.3.4.3}{\376\377\000D\000o\000u\000b\000l\000e\000\040\000D\000Q\000N}{subsection.3.4}% 30
\BOOKMARK [2][-]{subsection.3.5}{\376\377\000T\000h\000i\036\277\000t\000\040\000k\036\277\000\040\000t\000h\036\361\000c\000\040\000n\000g\000h\000i\036\307\000m}{section.3}% 31
\BOOKMARK [3][-]{subsubsection.3.5.1}{\376\377\000C\036\245\000u\000\040\000h\000\354\000n\000h\000\040\000v\000\340\000\040\000s\000i\000\352\000u\000\040\000t\000h\000a\000m\000\040\000s\036\321}{subsection.3.5}% 32
\BOOKMARK [3][-]{subsubsection.3.5.2}{\376\377\000Q\000u\000y\000\040\000t\000r\000\354\000n\000h\000\040\000h\000u\036\245\000n\000\040\000l\000u\000y\036\307\000n\000\040\000v\000\340\000\040\001\021\000\341\000n\000h\000\040\000g\000i\000\341}{subsection.3.5}% 33
\BOOKMARK [3][-]{subsubsection.3.5.3}{\376\377\000T\000i\000\352\000u\000\040\000c\000h\000\355\000\040\001\021\000\341\000n\000h\000\040\000g\000i\000\341}{subsection.3.5}% 34
\BOOKMARK [1][-]{section.4}{\376\377\000K\036\276\000T\000\040\000Q\000U\036\242\000\040\000T\000H\036\360\000C\000\040\000N\000G\000H\000I\036\306\000M\000\040\000V\000\300\000\040\000T\000H\036\242\000O\000\040\000L\000U\036\254\000N}{}% 35
\BOOKMARK [2][-]{subsection.4.1}{\376\377\000K\036\277\000t\000\040\000q\000u\036\243\000\040\001\021\000\341\000n\000h\000\040\000g\000i\000\341\000\040\000c\000u\036\321\000i}{section.4}% 36
\BOOKMARK [2][-]{subsection.4.2}{\376\377\000P\000h\000\342\000n\000\040\000t\000\355\000c\000h\000\040\000q\000u\000\341\000\040\000t\000r\000\354\000n\000h\000\040\000h\000u\036\245\000n\000\040\000l\000u\000y\036\307\000n}{section.4}% 37
\BOOKMARK [3][-]{subsubsection.4.2.1}{\376\377\000R\000e\000w\000a\000r\000d}{subsection.4.2}% 38
\BOOKMARK [3][-]{subsubsection.4.2.2}{\376\377\000C\000o\000m\000p\000l\000e\000t\000i\000o\000n\000\040\000r\000a\000t\000e}{subsection.4.2}% 39
\BOOKMARK [3][-]{subsubsection.4.2.3}{\376\377\000W\000i\000n\000\040\000r\000a\000t\000e}{subsection.4.2}% 40
\BOOKMARK [3][-]{subsubsection.4.2.4}{\376\377\000S\000t\000e\000p\000s}{subsection.4.2}% 41
\BOOKMARK [3][-]{subsubsection.4.2.5}{\376\377\000L\000o\000s\000s}{subsection.4.2}% 42
\BOOKMARK [2][-]{subsection.4.3}{\376\377\036\242\000n\000h\000\040\000h\001\260\036\337\000n\000g\000\040\000c\036\347\000a\000\040\000l\000e\000a\000r\000n\000i\000n\000g\000\040\000r\000a\000t\000e}{section.4}% 43
\BOOKMARK [2][-]{subsection.4.4}{\376\377\000T\036\325\000n\000g\000\040\000h\036\343\000p\000\040\000k\036\277\000t\000\040\000q\000u\036\243\000\040\000t\000h\036\361\000c\000\040\000n\000g\000h\000i\036\307\000m}{section.4}% 44
\BOOKMARK [2][-]{subsection.4.5}{\376\377\000H\036\241\000n\000\040\000c\000h\036\277\000\040\000c\036\347\000a\000\040\000t\000h\036\361\000c\000\040\000n\000g\000h\000i\036\307\000m}{section.4}% 45
\BOOKMARK [2][-]{subsection.4.6}{\376\377\000H\001\260\036\333\000n\000g\000\040\000d\036\253\000n\000\040\000c\000h\036\241\000y\000\040\000d\000e\000m\000o}{section.4}% 46
\BOOKMARK [1][-]{section.5}{\376\377\000K\036\276\000T\000\040\000L\000U\036\254\000N\000\040\000V\000\300\000\040\000H\001\257\036\332\000N\000G\000\040\000P\000H\000\301\000T\000\040\000T\000R\000I\036\302\000N}{}% 47
\BOOKMARK [2][-]{subsection.5.1}{\376\377\000K\036\277\000t\000\040\000l\000u\036\255\000n}{section.5}% 48
\BOOKMARK [2][-]{subsection.5.2}{\376\377\000H\001\260\036\333\000n\000g\000\040\000p\000h\000\341\000t\000\040\000t\000r\000i\036\303\000n}{section.5}% 49
\BOOKMARK [1][-]{Item.16}{\376\377\000T\000\300\000I\000\040\000L\000I\036\306\000U\000\040\000T\000H\000A\000M\000\040\000K\000H\036\242\000O}{}% 50
